// Jest Snapshot v1, https://goo.gl/fbAQLP

exports[`Home page should match snapshot 1`] = `
<div
  className="home-page"
>
  <Header
    internal={false}
  />
  <h1
    className="home-page__title"
  >
    <small
      className="home-page__title--lighter"
    >
      Get Fit & Happy at Home
    </small>
    <br />
    WorkItUp!
  </h1>
  <Gallery />
</div>
`;
