// Jest Snapshot v1, https://goo.gl/fbAQLP

exports[`GalleryItem component should match snapshot 1`] = `
<article
  className="gallery-item"
  data-id={1}
  data-js="gallery-item"
>
  <NavLink
    className="gallery-item_link"
    exact={true}
    to="/workout/alias-path"
  >
    <img
      alt=""
      className="gallery-item__image"
      src="http://google.com"
    />
    <div
      className="gallery-item_info"
    >
      <div
        className="gallery-item_info-name"
      >
        workout-1
      </div>
      <div
        data-js="start-date"
      >
        2020-10-24
      </div>
      <div
        data-js="start-category"
      >
        c1
      </div>
    </div>
  </NavLink>
</article>
`;
