// Jest Snapshot v1, https://goo.gl/fbAQLP

exports[`TopBar component should match snapshot 1`] = `
<header
  className="gallery-header"
  data-js="top-bar"
>
  <Dropdown
    additionLabel="Add "
    additionPosition="top"
    className="gallery-header__dropdown start-date-selector"
    closeOnBlur={true}
    closeOnEscape={true}
    deburr={false}
    fluid={true}
    icon="dropdown"
    minCharacters={1}
    noResultsMessage="No results found."
    onChange={[Function]}
    openOnFocus={true}
    options={Array []}
    placeholder="Select Month"
    renderLabel={[Function]}
    searchInput="text"
    selectOnBlur={true}
    selectOnNavigation={true}
    selection={true}
    wrapSelection={true}
  />
  <Dropdown
    additionLabel="Add "
    additionPosition="top"
    className="gallery-header__dropdown category-selector"
    closeOnBlur={true}
    closeOnEscape={true}
    data-js="start-date-filter"
    deburr={false}
    fluid={true}
    icon="dropdown"
    minCharacters={1}
    multiple={true}
    noResultsMessage="No results found."
    onChange={[Function]}
    openOnFocus={true}
    options={Array []}
    placeholder="Select Categories"
    renderLabel={[Function]}
    searchInput="text"
    selectOnBlur={true}
    selectOnNavigation={true}
    selection={true}
    wrapSelection={true}
  />
</header>
`;
