// Jest Snapshot v1, https://goo.gl/fbAQLP

exports[`Gallery component should match snapshot 1`] = `
<div
  className="gallery"
>
  <TopBar
    avaibleCategories={Array []}
    categoryChangeHandler={[Function]}
    startDateChangeHandler={[Function]}
    startDateSelector={Object {}}
  />
  <section
    className="gallery-item-container"
    data-js="gallery"
  >
    <GalleryItem
      alias="alias-path"
      category="c1"
      id={0}
      key="gallery-item-0"
      name="workout-0"
      startDate="2020-10-24"
      thumbnailMedium="http://google.com"
    />
    <GalleryItem
      alias="alias-path"
      category="c1"
      id={1}
      key="gallery-item-1"
      name="workout-1"
      startDate="2020-10-24"
      thumbnailMedium="http://google.com"
    />
    <GalleryItem
      alias="alias-path"
      category="c1"
      id={2}
      key="gallery-item-2"
      name="workout-2"
      startDate="2020-10-24"
      thumbnailMedium="http://google.com"
    />
    <GalleryItem
      alias="alias-path"
      category="c1"
      id={3}
      key="gallery-item-3"
      name="workout-3"
      startDate="2020-10-24"
      thumbnailMedium="http://google.com"
    />
    <GalleryItem
      alias="alias-path"
      category="c1"
      id={4}
      key="gallery-item-4"
      name="workout-4"
      startDate="2020-10-24"
      thumbnailMedium="http://google.com"
    />
    <GalleryItem
      alias="alias-path"
      category="c1"
      id={5}
      key="gallery-item-5"
      name="workout-5"
      startDate="2020-10-24"
      thumbnailMedium="http://google.com"
    />
    <GalleryItem
      alias="alias-path"
      category="c1"
      id={6}
      key="gallery-item-6"
      name="workout-6"
      startDate="2020-10-24"
      thumbnailMedium="http://google.com"
    />
    <GalleryItem
      alias="alias-path"
      category="c1"
      id={7}
      key="gallery-item-7"
      name="workout-7"
      startDate="2020-10-24"
      thumbnailMedium="http://google.com"
    />
    <GalleryItem
      alias="alias-path"
      category="c1"
      id={8}
      key="gallery-item-8"
      name="workout-8"
      startDate="2020-10-24"
      thumbnailMedium="http://google.com"
    />
    <GalleryItem
      alias="alias-path"
      category="c1"
      id={9}
      key="gallery-item-9"
      name="workout-9"
      startDate="2020-10-24"
      thumbnailMedium="http://google.com"
    />
    <GalleryItem
      alias="alias-path"
      category="c1"
      id={10}
      key="gallery-item-10"
      name="workout-10"
      startDate="2020-10-24"
      thumbnailMedium="http://google.com"
    />
    <GalleryItem
      alias="alias-path"
      category="c1"
      id={11}
      key="gallery-item-11"
      name="workout-11"
      startDate="2020-10-24"
      thumbnailMedium="http://google.com"
    />
    <GalleryItem
      alias="alias-path"
      category="c1"
      id={12}
      key="gallery-item-12"
      name="workout-12"
      startDate="2020-10-24"
      thumbnailMedium="http://google.com"
    />
    <GalleryItem
      alias="alias-path"
      category="c1"
      id={13}
      key="gallery-item-13"
      name="workout-13"
      startDate="2020-10-24"
      thumbnailMedium="http://google.com"
    />
    <GalleryItem
      alias="alias-path"
      category="c1"
      id={14}
      key="gallery-item-14"
      name="workout-14"
      startDate="2020-10-24"
      thumbnailMedium="http://google.com"
    />
    <GalleryItem
      alias="alias-path"
      category="c1"
      id={15}
      key="gallery-item-15"
      name="workout-15"
      startDate="2020-10-24"
      thumbnailMedium="http://google.com"
    />
    <GalleryItem
      alias="alias-path"
      category="c1"
      id={16}
      key="gallery-item-16"
      name="workout-16"
      startDate="2020-10-24"
      thumbnailMedium="http://google.com"
    />
    <GalleryItem
      alias="alias-path"
      category="c1"
      id={17}
      key="gallery-item-17"
      name="workout-17"
      startDate="2020-10-24"
      thumbnailMedium="http://google.com"
    />
    <GalleryItem
      alias="alias-path"
      category="c1"
      id={18}
      key="gallery-item-18"
      name="workout-18"
      startDate="2020-10-24"
      thumbnailMedium="http://google.com"
    />
    <GalleryItem
      alias="alias-path"
      category="c1"
      id={19}
      key="gallery-item-19"
      name="workout-19"
      startDate="2020-10-24"
      thumbnailMedium="http://google.com"
    />
  </section>
  <GalleryFooter
    getPage={[Function]}
    page={1}
    totalPages={5}
    totalWorkOuts={100}
  />
</div>
`;
